---
source: crates/fontina-cli/src/ui/mod.rs
expression: drawn
---
┌ 6 faces ───────────────┐┌ 5 families ──────────┐┌ Details ───────────────────┐
│Weight                  ││Amiri           1     ││Amiri Regular               │
│  200 ExtraLight      1 ││Bricolage Gr…   1 V   ││style     weight 400 · width│
│  300 Light           1 ││Inter           2     ││100% · normal               │
│  400 Regular         6 ││Nabla           1 VC  ││glyphs    6710 · 1699       │
│  500 Medium          1 ││Source Serif…   1     ││codepoints · Arab Latn Zyyy │
│  600 SemiBold        1 ││                      ││Zinh                        │
│  700 Bold            1 ││                      ││features  25: ccmp dnom fina│
│  800 ExtraBold       1 ││                      ││init liga locl mark medi    │
│Width                   ││                      ││numr pnum rlig rtlm         │
│  75% Condensed       1 ││                      ││license   OFL-1.1           │
│  87.5% SemiCondensed 1 ││                      ││freedom   free              │
│  100% Normal         6 ││                      ││designer  Khaled Hosny      │
│Style                   ││                      ││state     not active        │
│  upright             6 ││                      ││file                        │
│Variable                ││                      ││../../fixtures/Amiri-Regular│
│  variable            2 ││                      ││.ttf                        │
│Color                   ││                      ││                            │
│  color               1 ││                      ││                            │
│Script                  ││                      ││                            │
│  Latn                6 ││                      ││                            │
└────────────────────────┘└──────────────────────┘└────────────────────────────┘
 $ fontina families
 / search  ⇥ facets  ⏎ open  ⌫ back  t tag  c collection  a/A activate  d deacti
