---
source: crates/fontina-cli/src/ui/mod.rs
expression: drawn
---
  filter  nothing narrowed — f narrows        5 families
╭ families ────────────────────────────────────────────────╮
│ Amiri                                             1      │
│ Bricolage Grotesque                               1 V    │
│ Inter                                             2      │
│ Nabla                                             1 VC   │
│ Source Serif 4                                    1      │
│                                                          │
│                                                          │
│                                                          │
│                                                          │
│                                                          │
│                                                          │
│                                                          │
│                                                          │
│                                                          │
│                                                          │
│                                                          │
│                                                          │
│                                                          │
│                                                          │
╰──────────────────────────────────────────────────────────╯
  $ fontina families
  / search  f narrow  F flags  x clear  ⇥ pane  … ? help
